// Jest Snapshot v1, https://goo.gl/fbAQLP

exports[`Character should match snapshot with all data passed in correctly 1`] = `
<section
  className="character"
>
  <h3>
    Name: 
    Luke Skywalker
  </h3>
  <p>
    Species: 
    Human
  </p>
  <p>
    Homeworld: 
    Tatooine
  </p>
  <p>
    Population of Homeworld: 
    200000
  </p>
  <div
    className="related-films"
  >
    <p>
      Appears in: 
    </p>
    <p
      key="0.3904380039043416"
    >
      The Empire Strikes Back
    </p>
    <p
      key="0.892166240327142"
    >
      Return of the Jedi
    </p>
    <p
      key="0.11621744667094269"
    >
      A New Hope
    </p>
    <p
      key="0.1310260110476229"
    >
      Revenge of the Sith
    </p>
    <p
      key="0.9969371275471783"
    >
      The Force Awakens
    </p>
  </div>
  <div
    className="favourite-button"
  >
    <i
      className="fas fa-jedi"
    />
  </div>
</section>
`;
