// Jest Snapshot v1, https://goo.gl/fbAQLP

exports[`Movie should match snapshot with all data passing in correctly 1`] = `
<section
  className="movie"
  onClick={[Function]}
>
  <img />
  <h3>
    Episode 
    :
  </h3>
  <h2 />
  <h3 />
  <Link
    to="/movies/undefined"
  >
    View Characters
  </Link>
</section>
`;
